\BOOKMARK [0][-]{chapter.1}{\376\377\000I\000n\000t\000r\000o\000d\000u\000\347\000\343\000o}{}% 1
\BOOKMARK [1][-]{section.1.1}{\376\377\000L\000i\000n\000g\000u\000a\000g\000e\000m\000\040\000e\000\040\000e\000s\000t\000i\000l\000o}{chapter.1}% 2
\BOOKMARK [0][-]{chapter.2}{\376\377\000M\000a\000n\000u\000a\000l\000\040\000d\000o\000\040\000u\000t\000i\000l\000i\000z\000a\000d\000o\000r}{}% 3
\BOOKMARK [1][-]{section.2.1}{\376\377\000I\000n\000t\000r\000o\000d\000u\000\347\000\343\000o}{chapter.2}% 4
\BOOKMARK [1][-]{section.2.2}{\376\377\000F\000o\000l\000d\000e\000r\000\040\000S\000t\000r\000u\000c\000t\000u\000r\000e}{chapter.2}% 5
\BOOKMARK [1][-]{section.2.3}{\376\377\000P\000a\000c\000k\000a\000g\000e\000\040\000O\000p\000t\000i\000o\000n\000s}{chapter.2}% 6
\BOOKMARK [2][-]{subsection.2.3.1}{\376\377\000L\000a\000n\000g\000u\000a\000g\000e\000\040\000R\000e\000l\000a\000t\000e\000d\000\040\000O\000p\000t\000i\000o\000n\000s}{section.2.3}% 7
\BOOKMARK [2][-]{subsection.2.3.2}{\376\377\000C\000l\000a\000s\000s\000\040\000o\000f\000\040\000T\000e\000x\000t}{section.2.3}% 8
\BOOKMARK [2][-]{subsection.2.3.3}{\376\377\000P\000r\000i\000n\000t\000i\000n\000g}{section.2.3}% 9
\BOOKMARK [2][-]{subsection.2.3.4}{\376\377\000F\000o\000n\000t\000\040\000S\000i\000z\000e}{section.2.3}% 10
\BOOKMARK [2][-]{subsection.2.3.5}{\376\377\000T\000e\000x\000t\000\040\000E\000n\000c\000o\000d\000i\000n\000g}{section.2.3}% 11
\BOOKMARK [2][-]{subsection.2.3.6}{\376\377\000E\000x\000a\000m\000p\000l\000e\000s}{section.2.3}% 12
\BOOKMARK [1][-]{section.2.4}{\376\377\000H\000o\000w\000\040\000t\000o\000\040\000W\000r\000i\000t\000e\000\040\000U\000s\000i\000n\000g\000\040\000L\000a\000T\000e\000X}{chapter.2}% 13
\BOOKMARK [0][-]{chapter.3}{\376\377\000T\000u\000t\000o\000r\000i\000a\000l\000\040\000d\000e\000\040\000L\000a\000T\000e\000X\000\040\000c\000o\000m\000\040\000e\000x\000e\000m\000p\000l\000o\000s}{}% 14
\BOOKMARK [1][-]{section.3.1}{\376\377\000T\000a\000b\000e\000l\000a\000s}{chapter.3}% 15
\BOOKMARK [1][-]{section.3.2}{\376\377\000I\000m\000p\000o\000r\000t\000a\000r\000\040\000F\000i\000g\000u\000r\000a\000s}{chapter.3}% 16
\BOOKMARK [2][-]{subsection.3.2.1}{\376\377\000I\000n\000s\000e\000r\000i\000r\000\040\000f\000i\000g\000u\000r\000a\000s\000\040\000l\000a\000d\000o\000-\000a\000-\000l\000a\000d\000o\000\040\000c\000o\000m\000\040\000t\000e\000x\000t\000o}{section.3.2}% 17
\BOOKMARK [2][-]{subsection.3.2.2}{\376\377\000O\000u\000t\000r\000a\000s\000\040\000i\000m\000a\000g\000e\000n\000s}{section.3.2}% 18
\BOOKMARK [1][-]{section.3.3}{\376\377\000L\000i\000s\000t\000a\000g\000e\000n\000s}{chapter.3}% 19
\BOOKMARK [0][-]{chapter*.14}{\376\377\000R\000e\000f\000e\000r\000\352\000n\000c\000i\000a\000s}{}% 20
\BOOKMARK [0][-]{appendix.A}{\376\377\000A\000p\000p\000l\000i\000e\000d\000\040\000S\000u\000r\000v\000i\000v\000a\000l\000\040\000A\000n\000a\000l\000y\000s\000i\000s\000\040\000b\000y\000\040\000H\000o\000s\000m\000e\000r\000\040\000a\000n\000d\000\040\000L\000e\000m\000e\000s\000h\000o\000w}{}% 21
